[?25lproject: [1;mtest[0m ‚Ä¢ total: [1;m0s[0m ‚Ä¢ today: [1;m0s[0m

‚ùØ [7mN[0mew task description...

   [;mtasks[0m                                                    
                                                            
  1 item                                                    
                                                            
‚îÇ [1mnew task[0m                                                  
‚îÇ now - 0s                                                  
                                                            
                                                            
  esc cancel ‚Ä¢ enter start/stop timer ‚Ä¢ ctrl+c exit ‚Ä¢ ? more
[0D[1A[1A[1A[1A[2K[1A[1A[1A[1A[1A[1A[1A[1A[1A[0D[2Kproject: [1;mtest[0m ‚Ä¢ total: [1;m1s[0m ‚Ä¢ today: [1;m1s[0m
[1B[1B[1B[1B[1B[1B[1B[1B‚îÇ now - 1s                                                  
[1B[1B[1B[0D[1A[1A[1A[1A[1A[1A[1A[1A[1A[1A[1A[2K[1A[1A[0D[2Kproject: [1;mtest[0m ‚Ä¢ total: [1;m1s[0m ‚Ä¢ today: [1;m1s[0m
[1B‚ùØ New task description...
[1B[1B[1B[1B[1B[1B[1B[1B[1B[1B[0D[1A[2K[1A[2K[1A[2K[1A[2K[1A[2K[1A[2K[1A[2K[1A[2K[1A[2K[1A[1A[1A[1A[0D[2Kproject: [1;mtest[0m ‚Ä¢ total: [1;m1s[0m ‚Ä¢ today: [1;m1s[0m
[1B[1B[1B   [;mtasks[0m                                                                      
                                                                              
  1 item                                                                      
                                                                              
‚îÇ [1mnew task[0m                                                                    
‚îÇ now - 1s                                                                    
                                                                              
                                                                              
  ‚Üë/k up ‚Ä¢ ‚Üì/j down ‚Ä¢ / filter ‚Ä¢ enter start/stop timer ‚Ä¢ ctrl+c exit ‚Ä¢ ? more
[0D[2K[?1002l[?1003l[?25h